mysql: [Warning] Using a password on the command line interface can be insecure.
Database
db
information_schema
mysql
performance_schema
sys
